C:\Users\estudiante\Documents\GitHub\lpc 2\curso-lse\workspace_lpc845\01_animations\drivers/fsl_clock.h:580:20:CLOCK_Select	16	static
C:\Users\estudiante\Documents\GitHub\lpc 2\curso-lse\workspace_lpc845\01_animations\drivers/fsl_clock.h:612:20:CLOCK_SetCoreSysClkDiv	16	static
C:\Users\estudiante\Documents\GitHub\lpc 2\curso-lse\workspace_lpc845\01_animations\drivers/fsl_clock.h:841:20:CLOCK_SetFroOscFreq	16	static
C:\Users\estudiante\Documents\GitHub\lpc 2\curso-lse\workspace_lpc845\01_animations\drivers/fsl_power.h:153:20:POWER_DisablePD	16	static
../board/clock_config.c:42:6:BOARD_InitBootClocks	8	static
../board/clock_config.c:68:6:BOARD_BootClockRUN	16	static
